../Core/Src/main.c:59:6:can_tx	56	static
../Core/Src/main.c:88:6:CAN_RX_FILTER_init	56	static
../Core/Src/main.c:111:6:can_rx	56	static
../Core/Src/main.c:130:6:HAL_CAN_TxMailbox0CompleteCallback	16	static
../Core/Src/main.c:135:6:HAL_CAN_RxFifo0MsgPendingCallback	16	static
../Core/Src/main.c:140:6:HAL_CAN_ErrorCallback	16	static
../Core/Src/main.c:153:5:main	8	static
../Core/Src/main.c:208:6:SystemClock_Config	72	static
../Core/Src/main.c:245:13:MX_CAN_Init	8	static
../Core/Src/main.c:282:13:MX_GPIO_Init	16	static
../Core/Src/main.c:302:6:Error_Handler	4	static,ignoring_inline_asm
