../Core/Src/main.c:68:6:can_tx	56	static
../Core/Src/main.c:97:6:CAN_RX_FILTER_init	56	static
../Core/Src/main.c:120:6:can_rx	56	static
../Core/Src/main.c:139:6:HAL_CAN_TxMailbox0CompleteCallback	16	static
../Core/Src/main.c:144:6:HAL_CAN_RxFifo0MsgPendingCallback	16	static
../Core/Src/main.c:150:6:HAL_CAN_ErrorCallback	16	static
../Core/Src/main.c:163:5:main	8	static
../Core/Src/main.c:224:6:SystemClock_Config	72	static
../Core/Src/main.c:261:13:MX_CAN_Init	8	static
../Core/Src/main.c:298:13:MX_GPIO_Init	16	static
../Core/Src/main.c:318:6:Error_Handler	4	static,ignoring_inline_asm
